// Jest Snapshot v1, https://goo.gl/fbAQLP

exports[`<Tags /> matches snapshot 1`] = `
<styled.div>
  <styled.div>
    <styled.p>
      Popular Tags
    </styled.p>
    <styled.button
      onClick={[Function]}
    >
      <styled.p>
        All
      </styled.p>
    </styled.button>
  </styled.div>
</styled.div>
`;
