// Jest Snapshot v1, https://goo.gl/fbAQLP

exports[`<App /> matches snapshot 1`] = `
<BrowserRouter>
  <Switch>
    <Route
      component={[Function]}
      path="/home"
    />
    <Route
      component={[Function]}
      path="/sign-in"
    />
    <Route
      component={[Function]}
      path="/sign-up"
    />
    <Redirect
      exact={true}
      from="/"
      to="/home"
    />
  </Switch>
</BrowserRouter>
`;
